// Jest Snapshot v1, https://goo.gl/fbAQLP

exports[`<OrderBookContainer /> should render component same as snapshot 1`] = `
Array [
  <React.Fragment>
    <Row
      tag="div"
      widths={
        Array [
          "xs",
          "sm",
          "md",
          "lg",
          "xl",
        ]
      }
    >
      <Colxx
        xxs="12"
      >
        <BreadcrumbContainer
          heading="menu.order-book"
        />
        <Separator
          className="mb-5"
        />
      </Colxx>
    </Row>
    <Row
      tag="div"
      widths={
        Array [
          "xs",
          "sm",
          "md",
          "lg",
          "xl",
        ]
      }
    >
      <OrderBook
        askOrders={Array []}
        bidOrders={Array []}
      />
    </Row>
  </React.Fragment>,
]
`;

exports[`Start Should render chart 1`] = `
Array [
  <div
    className="row"
  >
    <div
      className="col-12"
    >
      <div
        className="separator mb-5"
      />
    </div>
  </div>,
  <div
    className="row"
  >
    <div
      className="mb-4 col-12"
    >
      <p>
        <span>
          Start
        </span>
      </p>
      <button
        aria-label={null}
        className="btn btn-secondary btn-lg"
        onClick={[Function]}
        type="button"
        variant="secondary"
      >
        5min
      </button>
      <button
        aria-label={null}
        className="btn btn-secondary btn-lg"
        onClick={[Function]}
        type="button"
        variant="secondary"
      >
        10min
      </button>
      <button
        aria-label={null}
        className="btn btn-secondary btn-lg"
        onClick={[Function]}
        type="button"
        variant="secondary"
      >
        Interactive
      </button>
    </div>
  </div>,
  <div
    className="row"
  >
    <div
      className="mb-34 col-12"
    />
  </div>,
  <div
    className="row"
  >
    <button
      aria-label={null}
      className="btn btn-secondary btn-lg"
      onClick={[Function]}
      type="button"
      variant="secondary"
    >
      Купить
    </button>
    <button
      aria-label={null}
      className="btn btn-secondary btn-lg"
      onClick={[Function]}
      type="button"
      variant="secondary"
    >
      Продать
    </button>
  </div>,
]
`;
